// Vitest Snapshot v1

exports[`Solid.js Hello.tsx > mounts and unmounts 1`] = `"<div>4 x 2 = 8</div><button>x1</button>"`;
